// Jest Snapshot v1, https://goo.gl/fbAQLP

exports[`render correctly 1`] = `
<View
  style={
    Array [
      Object {
        "flexDirection": "row",
      },
      undefined,
    ]
  }
>
  <Text
    style={
      Array [
        Object {
          "marginHorizontal": 8,
        },
        undefined,
      ]
    }
  />
</View>
`;
