// Jest Snapshot v1, https://goo.gl/fbAQLP

exports[`renders correctly 1`] = `
<View
  accessible={true}
  focusable={true}
  onClick={[Function]}
  onLayout={[Function]}
  onResponderGrant={[Function]}
  onResponderMove={[Function]}
  onResponderRelease={[Function]}
  onResponderTerminate={[Function]}
  onResponderTerminationRequest={[Function]}
  onStartShouldSetResponder={[Function]}
  pointerEvents="box-only"
  style={
    Object {
      "height": 44,
    }
  }
>
  <BVLinearGradient
    colors={
      Array [
        4293807771,
        4291848039,
      ]
    }
    endPoint={
      Object {
        "x": 0.5,
        "y": 1,
      }
    }
    locations={null}
    startPoint={
      Object {
        "x": 0.5,
        "y": 0,
      }
    }
    style={
      Object {
        "alignItems": "center",
        "borderRadius": 8,
        "flex": 1,
        "flexDirection": "row",
        "justifyContent": "center",
      }
    }
  >
    <Text
      style={
        Object {
          "color": "white",
          "fontWeight": "600",
        }
      }
    />
  </BVLinearGradient>
  <View
    style={
      Array [
        Object {
          "backgroundColor": "transparent",
          "bottom": 0,
          "left": 0,
          "overflow": "hidden",
          "position": "absolute",
          "right": 0,
          "top": 0,
        },
        Object {
          "borderRadius": 0,
        },
      ]
    }
  />
</View>
`;
