// Jest Snapshot v1, https://goo.gl/fbAQLP

exports[`renders correctly 1`] = `
<View
  accessible={true}
  focusable={true}
  onClick={[Function]}
  onLayout={[Function]}
  onResponderGrant={[Function]}
  onResponderMove={[Function]}
  onResponderRelease={[Function]}
  onResponderTerminate={[Function]}
  onResponderTerminationRequest={[Function]}
  onStartShouldSetResponder={[Function]}
  pointerEvents="box-only"
  style={
    Object {
      "alignItems": "center",
      "borderRadius": 22,
      "flexDirection": "row",
      "height": 44,
      "justifyContent": "center",
    }
  }
>
  <Text
    style={
      Object {
        "fontWeight": "600",
      }
    }
  />
  <View
    style={
      Array [
        Object {
          "backgroundColor": "transparent",
          "bottom": 0,
          "left": 0,
          "overflow": "hidden",
          "position": "absolute",
          "right": 0,
          "top": 0,
        },
        Object {
          "borderRadius": 0,
        },
      ]
    }
  />
</View>
`;
